// Jest Snapshot v1, https://goo.gl/fbAQLP

exports[`Compose component should render compose correctly 1`] = `ShallowWrapper {}`;
