// Jest Snapshot v1, https://goo.gl/fbAQLP

exports[`Component: Dashboard should render correctly 1`] = `ShallowWrapper {}`;
