// Jest Snapshot v1, https://goo.gl/fbAQLP

exports[`SignUp component should render SignUp correctly 1`] = `ShallowWrapper {}`;
