// Jest Snapshot v1, https://goo.gl/fbAQLP

exports[`Component: Footer should render correctly 1`] = `ShallowWrapper {}`;
