// Jest Snapshot v1, https://goo.gl/fbAQLP

exports[`Component: Landing should render correctly 1`] = `ShallowWrapper {}`;
