// Jest Snapshot v1, https://goo.gl/fbAQLP

exports[`Shallow rendered Message Item should render message item component 1`] = `ShallowWrapper {}`;
