// Jest Snapshot v1, https://goo.gl/fbAQLP

exports[`Shallow rendered Message List should render message list component 1`] = `ShallowWrapper {}`;
