// Jest Snapshot v1, https://goo.gl/fbAQLP

exports[`Sidebar component should render sidebar component 1`] = `ShallowWrapper {}`;
